// Jest Snapshot v1, https://goo.gl/fbAQLP

exports[`Error display correctly 1`] = `
<div
  className="Error"
>
  <div>
    Cannot 
    delete city
  </div>
</div>
`;
