// Jest Snapshot v1, https://goo.gl/fbAQLP

exports[`Loader display correctly 1`] = `
<div
  className="Loader"
>
  <div>
    Please wait, 
    data is loading
     
  </div>
  <div>
    <i
      className="fas fa-spinner fa-pulse"
    />
  </div>
</div>
`;
