// Jest Snapshot v1, https://goo.gl/fbAQLP

exports[`Clouds display correctly 1`] = `
<div
  className="clouds"
>
  <div
    className="cloud x1"
  />
  <div
    className="cloud x2"
  />
  <div
    className="cloud x3"
  />
  <div
    className="cloud x4"
  />
  <div
    className="cloud x5"
  />
  <div
    className="cloud x6"
  />
  <div
    className="cloud x7"
  />
  <div
    className="cloud x8"
  />
  <div
    className="cloud x9"
  />
  <div
    className="cloud x10"
  />
</div>
`;
